Necessary cookies allowed


Preferences cookies not allowed

Preferences cookies not allowed

Statistics cookies not allowed

Statistics cookies not allowed

Marketing cookies allowed

