Necessary cookies allowed


Preferences cookies allowed


Statistics cookies not allowed

Statistics cookies not allowed

Marketing cookies not allowed

Marketing cookies not allowed
