Necessary cookies allowed


Preferences cookies not allowed

Preferences cookies not allowed

Statistics cookies allowed


Marketing cookies not allowed

Marketing cookies not allowed
