Necessary cookies allowed


Preferences cookies allowed


Statistics cookies allowed


Marketing cookies allowed

